#-----------------------------------------------------------
# Webtalk v2018.2_AR71275_op (64-bit)
# SW Build 2258646 on Thu Jun 14 20:02:38 MDT 2018
# IP Build 2256618 on Thu Jun 14 22:10:49 MDT 2018
# Start of session at: Mon Apr 29 04:42:06 2019
# Process ID: 28120
# Current directory: /home/centos/guide/aws-fpga/hdk/cl/developer_designs/cl_hello_world/verif/sim/vivado/test_hello_world
# Command line: wbtcv -mode batch -source /home/centos/guide/aws-fpga/hdk/cl/developer_designs/cl_hello_world/verif/sim/vivado/test_hello_world/xsim.dir/tb/webtalk/xsim_webtalk.tcl -notrace
# Log file: /home/centos/guide/aws-fpga/hdk/cl/developer_designs/cl_hello_world/verif/sim/vivado/test_hello_world/webtalk.log
# Journal file: /home/centos/guide/aws-fpga/hdk/cl/developer_designs/cl_hello_world/verif/sim/vivado/test_hello_world/webtalk.jou
#-----------------------------------------------------------
source /home/centos/guide/aws-fpga/hdk/cl/developer_designs/cl_hello_world/verif/sim/vivado/test_hello_world/xsim.dir/tb/webtalk/xsim_webtalk.tcl -notrace
